Archive member included to satisfy reference by file (symbol)

c:/program files (x86)/atmel/studio/7.0/toolchain/avr8/avr8-gnu-toolchain/bin/../lib/gcc/avr/5.4.0/avr5\libgcc.a(_exit.o)
                              C:/Program Files (x86)/Atmel/Studio/7.0/Packs/atmel/ATmega_DFP/1.7.374/gcc/dev/atmega32/avr5/crtatmega32.o (exit)

Discarded input sections

 .data          0x00000000        0x0 C:/Program Files (x86)/Atmel/Studio/7.0/Packs/atmel/ATmega_DFP/1.7.374/gcc/dev/atmega32/avr5/crtatmega32.o
 .bss           0x00000000        0x0 C:/Program Files (x86)/Atmel/Studio/7.0/Packs/atmel/ATmega_DFP/1.7.374/gcc/dev/atmega32/avr5/crtatmega32.o
 .text          0x00000000        0x0 APP/App.o
 .data          0x00000000        0x0 APP/App.o
 .bss           0x00000000        0x0 APP/App.o
 .text          0x00000000        0x0 HAL/LED/LED.o
 .data          0x00000000        0x0 HAL/LED/LED.o
 .bss           0x00000000        0x0 HAL/LED/LED.o
 .text.LED_TOGGLE
                0x00000000       0x30 HAL/LED/LED.o
 .text          0x00000000        0x0 HAL/PUSH BUTTON/PUSHBUTTON.o
 .data          0x00000000        0x0 HAL/PUSH BUTTON/PUSHBUTTON.o
 .bss           0x00000000        0x0 HAL/PUSH BUTTON/PUSHBUTTON.o
 .text.button_state
                0x00000000        0x6 HAL/PUSH BUTTON/PUSHBUTTON.o
 .text          0x00000000        0x0 main.o
 .data          0x00000000        0x0 main.o
 .bss           0x00000000        0x0 main.o
 .text          0x00000000        0x0 MCAL/DIO/DIO.o
 .data          0x00000000        0x0 MCAL/DIO/DIO.o
 .bss           0x00000000        0x0 MCAL/DIO/DIO.o
 .text.GPIO_setupPortDirection
                0x00000000       0x24 MCAL/DIO/DIO.o
 .text.GPIO_writePort
                0x00000000       0x24 MCAL/DIO/DIO.o
 .text.GPIO_readPort
                0x00000000       0x2c MCAL/DIO/DIO.o
 .text          0x00000000        0x0 MCAL/INTERRUPT/INTERRUPT.o
 .data          0x00000000        0x0 MCAL/INTERRUPT/INTERRUPT.o
 .bss           0x00000000        0x0 MCAL/INTERRUPT/INTERRUPT.o
 .text          0x00000000        0x0 MCAL/TIMER/TIMER.o
 .data          0x00000000        0x0 MCAL/TIMER/TIMER.o
 .bss           0x00000000        0x0 MCAL/TIMER/TIMER.o
 .text          0x00000000        0x0 c:/program files (x86)/atmel/studio/7.0/toolchain/avr8/avr8-gnu-toolchain/bin/../lib/gcc/avr/5.4.0/avr5\libgcc.a(_exit.o)
 .data          0x00000000        0x0 c:/program files (x86)/atmel/studio/7.0/toolchain/avr8/avr8-gnu-toolchain/bin/../lib/gcc/avr/5.4.0/avr5\libgcc.a(_exit.o)
 .bss           0x00000000        0x0 c:/program files (x86)/atmel/studio/7.0/toolchain/avr8/avr8-gnu-toolchain/bin/../lib/gcc/avr/5.4.0/avr5\libgcc.a(_exit.o)
 .text.libgcc.mul
                0x00000000        0x0 c:/program files (x86)/atmel/studio/7.0/toolchain/avr8/avr8-gnu-toolchain/bin/../lib/gcc/avr/5.4.0/avr5\libgcc.a(_exit.o)
 .text.libgcc.div
                0x00000000        0x0 c:/program files (x86)/atmel/studio/7.0/toolchain/avr8/avr8-gnu-toolchain/bin/../lib/gcc/avr/5.4.0/avr5\libgcc.a(_exit.o)
 .text.libgcc   0x00000000        0x0 c:/program files (x86)/atmel/studio/7.0/toolchain/avr8/avr8-gnu-toolchain/bin/../lib/gcc/avr/5.4.0/avr5\libgcc.a(_exit.o)
 .text.libgcc.prologue
                0x00000000        0x0 c:/program files (x86)/atmel/studio/7.0/toolchain/avr8/avr8-gnu-toolchain/bin/../lib/gcc/avr/5.4.0/avr5\libgcc.a(_exit.o)
 .text.libgcc.builtins
                0x00000000        0x0 c:/program files (x86)/atmel/studio/7.0/toolchain/avr8/avr8-gnu-toolchain/bin/../lib/gcc/avr/5.4.0/avr5\libgcc.a(_exit.o)
 .text.libgcc.fmul
                0x00000000        0x0 c:/program files (x86)/atmel/studio/7.0/toolchain/avr8/avr8-gnu-toolchain/bin/../lib/gcc/avr/5.4.0/avr5\libgcc.a(_exit.o)
 .text.libgcc.fixed
                0x00000000        0x0 c:/program files (x86)/atmel/studio/7.0/toolchain/avr8/avr8-gnu-toolchain/bin/../lib/gcc/avr/5.4.0/avr5\libgcc.a(_exit.o)

Memory Configuration

Name             Origin             Length             Attributes
text             0x00000000         0x00008000         xr
data             0x00800060         0x00000800         rw !x
eeprom           0x00810000         0x00000400         rw !x
fuse             0x00820000         0x00000002         rw !x
lock             0x00830000         0x00000400         rw !x
signature        0x00840000         0x00000400         rw !x
user_signatures  0x00850000         0x00000400         rw !x
*default*        0x00000000         0xffffffff

Linker script and memory map

LOAD C:/Program Files (x86)/Atmel/Studio/7.0/Packs/atmel/ATmega_DFP/1.7.374/gcc/dev/atmega32/avr5/crtatmega32.o
LOAD APP/App.o
LOAD HAL/LED/LED.o
LOAD HAL/PUSH BUTTON/PUSHBUTTON.o
LOAD main.o
LOAD MCAL/DIO/DIO.o
LOAD MCAL/INTERRUPT/INTERRUPT.o
LOAD MCAL/TIMER/TIMER.o
START GROUP
LOAD c:/program files (x86)/atmel/studio/7.0/toolchain/avr8/avr8-gnu-toolchain/bin/../lib/gcc/avr/5.4.0/../../../../avr/lib/avr5\libm.a
END GROUP
START GROUP
LOAD c:/program files (x86)/atmel/studio/7.0/toolchain/avr8/avr8-gnu-toolchain/bin/../lib/gcc/avr/5.4.0/avr5\libgcc.a
LOAD c:/program files (x86)/atmel/studio/7.0/toolchain/avr8/avr8-gnu-toolchain/bin/../lib/gcc/avr/5.4.0/../../../../avr/lib/avr5\libm.a
LOAD c:/program files (x86)/atmel/studio/7.0/toolchain/avr8/avr8-gnu-toolchain/bin/../lib/gcc/avr/5.4.0/../../../../avr/lib/avr5\libc.a
LOAD C:/Program Files (x86)/Atmel/Studio/7.0/Packs/atmel/ATmega_DFP/1.7.374/gcc/dev/atmega32/avr5\libatmega32.a
END GROUP
                0x00000000                __TEXT_REGION_ORIGIN__ = DEFINED (__TEXT_REGION_ORIGIN__)?__TEXT_REGION_ORIGIN__:0x0
                [0x00800060]                __DATA_REGION_ORIGIN__ = DEFINED (__DATA_REGION_ORIGIN__)?__DATA_REGION_ORIGIN__:0x800060
                [0x00008000]                __TEXT_REGION_LENGTH__ = DEFINED (__TEXT_REGION_LENGTH__)?__TEXT_REGION_LENGTH__:0x20000
                [0x00000800]                __DATA_REGION_LENGTH__ = DEFINED (__DATA_REGION_LENGTH__)?__DATA_REGION_LENGTH__:0xffa0
                [0x00000400]                __EEPROM_REGION_LENGTH__ = DEFINED (__EEPROM_REGION_LENGTH__)?__EEPROM_REGION_LENGTH__:0x10000
                [0x00000002]                __FUSE_REGION_LENGTH__ = DEFINED (__FUSE_REGION_LENGTH__)?__FUSE_REGION_LENGTH__:0x400
                0x00000400                __LOCK_REGION_LENGTH__ = DEFINED (__LOCK_REGION_LENGTH__)?__LOCK_REGION_LENGTH__:0x400
                0x00000400                __SIGNATURE_REGION_LENGTH__ = DEFINED (__SIGNATURE_REGION_LENGTH__)?__SIGNATURE_REGION_LENGTH__:0x400
                0x00000400                __USER_SIGNATURE_REGION_LENGTH__ = DEFINED (__USER_SIGNATURE_REGION_LENGTH__)?__USER_SIGNATURE_REGION_LENGTH__:0x400

.hash
 *(.hash)

.dynsym
 *(.dynsym)

.dynstr
 *(.dynstr)

.gnu.version
 *(.gnu.version)

.gnu.version_d
 *(.gnu.version_d)

.gnu.version_r
 *(.gnu.version_r)

.rel.init
 *(.rel.init)

.rela.init
 *(.rela.init)

.rel.text
 *(.rel.text)
 *(.rel.text.*)
 *(.rel.gnu.linkonce.t*)

.rela.text
 *(.rela.text)
 *(.rela.text.*)
 *(.rela.gnu.linkonce.t*)

.rel.fini
 *(.rel.fini)

.rela.fini
 *(.rela.fini)

.rel.rodata
 *(.rel.rodata)
 *(.rel.rodata.*)
 *(.rel.gnu.linkonce.r*)

.rela.rodata
 *(.rela.rodata)
 *(.rela.rodata.*)
 *(.rela.gnu.linkonce.r*)

.rel.data
 *(.rel.data)
 *(.rel.data.*)
 *(.rel.gnu.linkonce.d*)

.rela.data
 *(.rela.data)
 *(.rela.data.*)
 *(.rela.gnu.linkonce.d*)

.rel.ctors
 *(.rel.ctors)

.rela.ctors
 *(.rela.ctors)

.rel.dtors
 *(.rel.dtors)

.rela.dtors
 *(.rela.dtors)

.rel.got
 *(.rel.got)

.rela.got
 *(.rela.got)

.rel.bss
 *(.rel.bss)

.rela.bss
 *(.rela.bss)

.rel.plt
 *(.rel.plt)

.rela.plt
 *(.rela.plt)

.text           0x00000000      0x7f4
 *(.vectors)
 .vectors       0x00000000       0x54 C:/Program Files (x86)/Atmel/Studio/7.0/Packs/atmel/ATmega_DFP/1.7.374/gcc/dev/atmega32/avr5/crtatmega32.o
                0x00000000                __vector_default
                0x00000000                __vectors
 *(.vectors)
 *(.progmem.gcc*)
                0x00000054                . = ALIGN (0x2)
                0x00000054                __trampolines_start = .
 *(.trampolines)
 .trampolines   0x00000054        0x0 linker stubs
 *(.trampolines*)
                0x00000054                __trampolines_end = .
 *libprintf_flt.a:*(.progmem.data)
 *libc.a:*(.progmem.data)
 *(.progmem*)
                0x00000054                . = ALIGN (0x2)
 *(.jumptables)
 *(.jumptables*)
 *(.lowtext)
 *(.lowtext*)
                0x00000054                __ctors_start = .
 *(.ctors)
                0x00000054                __ctors_end = .
                0x00000054                __dtors_start = .
 *(.dtors)
                0x00000054                __dtors_end = .
 SORT(*)(.ctors)
 SORT(*)(.dtors)
 *(.init0)
 .init0         0x00000054        0x0 C:/Program Files (x86)/Atmel/Studio/7.0/Packs/atmel/ATmega_DFP/1.7.374/gcc/dev/atmega32/avr5/crtatmega32.o
                0x00000054                __init
 *(.init0)
 *(.init1)
 *(.init1)
 *(.init2)
 .init2         0x00000054        0xc C:/Program Files (x86)/Atmel/Studio/7.0/Packs/atmel/ATmega_DFP/1.7.374/gcc/dev/atmega32/avr5/crtatmega32.o
 *(.init2)
 *(.init3)
 *(.init3)
 *(.init4)
 *(.init4)
 *(.init5)
 *(.init5)
 *(.init6)
 *(.init6)
 *(.init7)
 *(.init7)
 *(.init8)
 *(.init8)
 *(.init9)
 .init9         0x00000060        0x8 C:/Program Files (x86)/Atmel/Studio/7.0/Packs/atmel/ATmega_DFP/1.7.374/gcc/dev/atmega32/avr5/crtatmega32.o
 *(.init9)
 *(.text)
 .text          0x00000068        0x4 C:/Program Files (x86)/Atmel/Studio/7.0/Packs/atmel/ATmega_DFP/1.7.374/gcc/dev/atmega32/avr5/crtatmega32.o
                0x00000068                __vector_12
                0x00000068                __bad_interrupt
                0x00000068                __vector_6
                0x00000068                __vector_3
                0x00000068                __vector_11
                0x00000068                __vector_13
                0x00000068                __vector_17
                0x00000068                __vector_19
                0x00000068                __vector_7
                0x00000068                __vector_5
                0x00000068                __vector_4
                0x00000068                __vector_9
                0x00000068                __vector_2
                0x00000068                __vector_15
                0x00000068                __vector_8
                0x00000068                __vector_14
                0x00000068                __vector_10
                0x00000068                __vector_16
                0x00000068                __vector_18
                0x00000068                __vector_20
                0x0000006c                . = ALIGN (0x2)
 *(.text.*)
 .text.__vector_1
                0x0000006c      0x2dc APP/App.o
                0x0000006c                __vector_1
 .text.App_INIT
                0x00000348       0x72 APP/App.o
                0x00000348                App_INIT
 .text.App_start
                0x000003ba      0x132 APP/App.o
                0x000003ba                App_start
 .text.LED_INIT
                0x000004ec        0x8 HAL/LED/LED.o
                0x000004ec                LED_INIT
 .text.LED_ON   0x000004f4        0x8 HAL/LED/LED.o
                0x000004f4                LED_ON
 .text.LED_OFF  0x000004fc        0x8 HAL/LED/LED.o
                0x000004fc                LED_OFF
 .text.Button_Init
                0x00000504       0x1e HAL/PUSH BUTTON/PUSHBUTTON.o
                0x00000504                Button_Init
 .text.main     0x00000522        0xa main.o
                0x00000522                main
 .text.GPIO_setupPinDirection
                0x0000052c       0xe6 MCAL/DIO/DIO.o
                0x0000052c                GPIO_setupPinDirection
 .text.GPIO_writePin
                0x00000612       0xe6 MCAL/DIO/DIO.o
                0x00000612                GPIO_writePin
 .text.GPIO_readPin
                0x000006f8       0x8c MCAL/DIO/DIO.o
                0x000006f8                GPIO_readPin
 .text.INT0_Init
                0x00000784       0x34 MCAL/INTERRUPT/INTERRUPT.o
                0x00000784                INT0_Init
 .text.timer_init
                0x000007b8        0x8 MCAL/TIMER/TIMER.o
                0x000007b8                timer_init
 .text.Timer0_Delay_1_sec
                0x000007c0       0x18 MCAL/TIMER/TIMER.o
                0x000007c0                Timer0_Delay_1_sec
 .text.Timer0_Delay_5_sec
                0x000007d8       0x18 MCAL/TIMER/TIMER.o
                0x000007d8                Timer0_Delay_5_sec
                0x000007f0                . = ALIGN (0x2)
 *(.fini9)
 .fini9         0x000007f0        0x0 c:/program files (x86)/atmel/studio/7.0/toolchain/avr8/avr8-gnu-toolchain/bin/../lib/gcc/avr/5.4.0/avr5\libgcc.a(_exit.o)
                0x000007f0                _exit
                0x000007f0                exit
 *(.fini9)
 *(.fini8)
 *(.fini8)
 *(.fini7)
 *(.fini7)
 *(.fini6)
 *(.fini6)
 *(.fini5)
 *(.fini5)
 *(.fini4)
 *(.fini4)
 *(.fini3)
 *(.fini3)
 *(.fini2)
 *(.fini2)
 *(.fini1)
 *(.fini1)
 *(.fini0)
 .fini0         0x000007f0        0x4 c:/program files (x86)/atmel/studio/7.0/toolchain/avr8/avr8-gnu-toolchain/bin/../lib/gcc/avr/5.4.0/avr5\libgcc.a(_exit.o)
 *(.fini0)
                0x000007f4                _etext = .

.data           0x00800060        0x0 load address 0x000007f4
                [!provide]                PROVIDE (__data_start, .)
 *(.data)
 *(.data*)
 *(.gnu.linkonce.d*)
 *(.rodata)
 *(.rodata*)
 *(.gnu.linkonce.r*)
                0x00800060                . = ALIGN (0x2)
                0x00800060                _edata = .
                [!provide]                PROVIDE (__data_end, .)

.bss            0x00800060        0x0
                [!provide]                PROVIDE (__bss_start, .)
 *(.bss)
 *(.bss*)
 *(COMMON)
                [!provide]                PROVIDE (__bss_end, .)
                0x000007f4                __data_load_start = LOADADDR (.data)
                0x000007f4                __data_load_end = (__data_load_start + SIZEOF (.data))

.noinit         0x00800060        0x0
                [!provide]                PROVIDE (__noinit_start, .)
 *(.noinit*)
                [!provide]                PROVIDE (__noinit_end, .)
                0x00800060                _end = .
                [!provide]                PROVIDE (__heap_start, .)

.eeprom         0x00810000        0x0
 *(.eeprom*)
                0x00810000                __eeprom_end = .

.fuse
 *(.fuse)
 *(.lfuse)
 *(.hfuse)
 *(.efuse)

.lock
 *(.lock*)

.signature
 *(.signature*)

.user_signatures
 *(.user_signatures*)

.stab
 *(.stab)

.stabstr
 *(.stabstr)

.stab.excl
 *(.stab.excl)

.stab.exclstr
 *(.stab.exclstr)

.stab.index
 *(.stab.index)

.stab.indexstr
 *(.stab.indexstr)

.comment        0x00000000       0x30
 *(.comment)
 .comment       0x00000000       0x30 APP/App.o
                                 0x31 (size before relaxing)
 .comment       0x00000030       0x31 HAL/LED/LED.o
 .comment       0x00000030       0x31 HAL/PUSH BUTTON/PUSHBUTTON.o
 .comment       0x00000030       0x31 main.o
 .comment       0x00000030       0x31 MCAL/DIO/DIO.o
 .comment       0x00000030       0x31 MCAL/INTERRUPT/INTERRUPT.o
 .comment       0x00000030       0x31 MCAL/TIMER/TIMER.o

.note.gnu.avr.deviceinfo
                0x00000000       0x3c
 .note.gnu.avr.deviceinfo
                0x00000000       0x3c C:/Program Files (x86)/Atmel/Studio/7.0/Packs/atmel/ATmega_DFP/1.7.374/gcc/dev/atmega32/avr5/crtatmega32.o

.note.gnu.build-id
 *(.note.gnu.build-id)

.debug
 *(.debug)

.line
 *(.line)

.debug_srcinfo
 *(.debug_srcinfo)

.debug_sfnames
 *(.debug_sfnames)

.debug_aranges  0x00000000      0x148
 *(.debug_aranges)
 .debug_aranges
                0x00000000       0x30 APP/App.o
 .debug_aranges
                0x00000030       0x38 HAL/LED/LED.o
 .debug_aranges
                0x00000068       0x28 HAL/PUSH BUTTON/PUSHBUTTON.o
 .debug_aranges
                0x00000090       0x20 main.o
 .debug_aranges
                0x000000b0       0x48 MCAL/DIO/DIO.o
 .debug_aranges
                0x000000f8       0x20 MCAL/INTERRUPT/INTERRUPT.o
 .debug_aranges
                0x00000118       0x30 MCAL/TIMER/TIMER.o

.debug_pubnames
 *(.debug_pubnames)

.debug_info     0x00000000     0x1b35
 *(.debug_info .gnu.linkonce.wi.*)
 .debug_info    0x00000000      0x4e6 C:/Program Files (x86)/Atmel/Studio/7.0/Packs/atmel/ATmega_DFP/1.7.374/gcc/dev/atmega32/avr5/crtatmega32.o
 .debug_info    0x000004e6      0xd4b APP/App.o
 .debug_info    0x00001231      0x25d HAL/LED/LED.o
 .debug_info    0x0000148e      0x183 HAL/PUSH BUTTON/PUSHBUTTON.o
 .debug_info    0x00001611       0xca main.o
 .debug_info    0x000016db      0x254 MCAL/DIO/DIO.o
 .debug_info    0x0000192f      0x10d MCAL/INTERRUPT/INTERRUPT.o
 .debug_info    0x00001a3c       0xf9 MCAL/TIMER/TIMER.o

.debug_abbrev   0x00000000      0x9a7
 *(.debug_abbrev)
 .debug_abbrev  0x00000000      0x4a3 C:/Program Files (x86)/Atmel/Studio/7.0/Packs/atmel/ATmega_DFP/1.7.374/gcc/dev/atmega32/avr5/crtatmega32.o
 .debug_abbrev  0x000004a3       0x9f APP/App.o
 .debug_abbrev  0x00000542       0xf6 HAL/LED/LED.o
 .debug_abbrev  0x00000638       0xc1 HAL/PUSH BUTTON/PUSHBUTTON.o
 .debug_abbrev  0x000006f9       0x68 main.o
 .debug_abbrev  0x00000761      0x115 MCAL/DIO/DIO.o
 .debug_abbrev  0x00000876       0xa1 MCAL/INTERRUPT/INTERRUPT.o
 .debug_abbrev  0x00000917       0x90 MCAL/TIMER/TIMER.o

.debug_line     0x00000000      0xd40
 *(.debug_line .debug_line.* .debug_line_end)
 .debug_line    0x00000000      0x116 C:/Program Files (x86)/Atmel/Studio/7.0/Packs/atmel/ATmega_DFP/1.7.374/gcc/dev/atmega32/avr5/crtatmega32.o
 .debug_line    0x00000116      0x4a3 APP/App.o
 .debug_line    0x000005b9       0xed HAL/LED/LED.o
 .debug_line    0x000006a6       0xe2 HAL/PUSH BUTTON/PUSHBUTTON.o
 .debug_line    0x00000788       0x5b main.o
 .debug_line    0x000007e3      0x311 MCAL/DIO/DIO.o
 .debug_line    0x00000af4       0xf9 MCAL/INTERRUPT/INTERRUPT.o
 .debug_line    0x00000bed      0x153 MCAL/TIMER/TIMER.o

.debug_frame    0x00000000      0x22c
 *(.debug_frame)
 .debug_frame   0x00000000       0x8c APP/App.o
 .debug_frame   0x0000008c       0x60 HAL/LED/LED.o
 .debug_frame   0x000000ec       0x40 HAL/PUSH BUTTON/PUSHBUTTON.o
 .debug_frame   0x0000012c       0x24 main.o
 .debug_frame   0x00000150       0x74 MCAL/DIO/DIO.o
 .debug_frame   0x000001c4       0x24 MCAL/INTERRUPT/INTERRUPT.o
 .debug_frame   0x000001e8       0x44 MCAL/TIMER/TIMER.o

.debug_str      0x00000000      0x50b
 *(.debug_str)
 .debug_str     0x00000000      0x196 C:/Program Files (x86)/Atmel/Studio/7.0/Packs/atmel/ATmega_DFP/1.7.374/gcc/dev/atmega32/avr5/crtatmega32.o
 .debug_str     0x00000196      0x1e0 APP/App.o
                                0x214 (size before relaxing)
 .debug_str     0x00000376       0x78 HAL/LED/LED.o
                                0x200 (size before relaxing)
 .debug_str     0x000003ee       0x2d HAL/PUSH BUTTON/PUSHBUTTON.o
                                0x207 (size before relaxing)
 .debug_str     0x0000041b       0x11 main.o
                                0x1a1 (size before relaxing)
 .debug_str     0x0000042c       0xa3 MCAL/DIO/DIO.o
                                0x27e (size before relaxing)
 .debug_str     0x000004cf       0x1e MCAL/INTERRUPT/INTERRUPT.o
                                0x1e7 (size before relaxing)
 .debug_str     0x000004ed       0x1e MCAL/TIMER/TIMER.o
                                0x1da (size before relaxing)

.debug_loc      0x00000000      0x684
 *(.debug_loc)
 .debug_loc     0x00000000       0xcb APP/App.o
 .debug_loc     0x000000cb      0x14d HAL/LED/LED.o
 .debug_loc     0x00000218       0xc9 HAL/PUSH BUTTON/PUSHBUTTON.o
 .debug_loc     0x000002e1      0x365 MCAL/DIO/DIO.o
 .debug_loc     0x00000646       0x3e MCAL/TIMER/TIMER.o

.debug_macinfo
 *(.debug_macinfo)

.debug_weaknames
 *(.debug_weaknames)

.debug_funcnames
 *(.debug_funcnames)

.debug_typenames
 *(.debug_typenames)

.debug_varnames
 *(.debug_varnames)

.debug_pubtypes
 *(.debug_pubtypes)

.debug_ranges   0x00000000       0xd8
 *(.debug_ranges)
 .debug_ranges  0x00000000       0x20 APP/App.o
 .debug_ranges  0x00000020       0x28 HAL/LED/LED.o
 .debug_ranges  0x00000048       0x18 HAL/PUSH BUTTON/PUSHBUTTON.o
 .debug_ranges  0x00000060       0x10 main.o
 .debug_ranges  0x00000070       0x38 MCAL/DIO/DIO.o
 .debug_ranges  0x000000a8       0x10 MCAL/INTERRUPT/INTERRUPT.o
 .debug_ranges  0x000000b8       0x20 MCAL/TIMER/TIMER.o

.debug_macro
 *(.debug_macro)
OUTPUT(project_2.elf elf32-avr)
LOAD linker stubs
