Archive member included to satisfy reference by file (symbol)

c:/program files (x86)/atmel/studio/7.0/toolchain/avr8/avr8-gnu-toolchain/bin/../lib/gcc/avr/5.4.0/avr5\libgcc.a(_exit.o)
                              C:/Program Files (x86)/Atmel/Studio/7.0/Packs/atmel/ATmega_DFP/1.7.374/gcc/dev/atmega32/avr5/crtatmega32.o (exit)

Discarded input sections

 .data          0x00000000        0x0 C:/Program Files (x86)/Atmel/Studio/7.0/Packs/atmel/ATmega_DFP/1.7.374/gcc/dev/atmega32/avr5/crtatmega32.o
 .bss           0x00000000        0x0 C:/Program Files (x86)/Atmel/Studio/7.0/Packs/atmel/ATmega_DFP/1.7.374/gcc/dev/atmega32/avr5/crtatmega32.o
 .text          0x00000000        0x0 APP/App.o
 .data          0x00000000        0x0 APP/App.o
 .bss           0x00000000        0x0 APP/App.o
 .text          0x00000000        0x0 HAL/LED/LED.o
 .data          0x00000000        0x0 HAL/LED/LED.o
 .bss           0x00000000        0x0 HAL/LED/LED.o
 .text.LED_TOGGLE
                0x00000000       0x32 HAL/LED/LED.o
 .text          0x00000000        0x0 HAL/PUSH BUTTON/PUSHBUTTON.o
 .data          0x00000000        0x0 HAL/PUSH BUTTON/PUSHBUTTON.o
 .bss           0x00000000        0x0 HAL/PUSH BUTTON/PUSHBUTTON.o
 .text.button_state
                0x00000000        0x6 HAL/PUSH BUTTON/PUSHBUTTON.o
 .text          0x00000000        0x0 main.o
 .data          0x00000000        0x0 main.o
 .bss           0x00000000        0x0 main.o
 .text          0x00000000        0x0 MCAL/DIO/DIO.o
 .data          0x00000000        0x0 MCAL/DIO/DIO.o
 .bss           0x00000000        0x0 MCAL/DIO/DIO.o
 .text.GPIO_setupPortDirection
                0x00000000       0x32 MCAL/DIO/DIO.o
 .text.GPIO_writePort
                0x00000000       0x34 MCAL/DIO/DIO.o
 .text.GPIO_readPort
                0x00000000       0x2c MCAL/DIO/DIO.o
 .text          0x00000000        0x0 MCAL/INTERRUPT/INTERRUPT.o
 .data          0x00000000        0x0 MCAL/INTERRUPT/INTERRUPT.o
 .bss           0x00000000        0x0 MCAL/INTERRUPT/INTERRUPT.o
 .text          0x00000000        0x0 MCAL/TIMER/TIMER.o
 .data          0x00000000        0x0 MCAL/TIMER/TIMER.o
 .bss           0x00000000        0x0 MCAL/TIMER/TIMER.o
 .text          0x00000000        0x0 Test_module/test.o
 .data          0x00000000        0x0 Test_module/test.o
 .bss           0x00000000        0x0 Test_module/test.o
 .text.test_GPIO
                0x00000000       0x18 Test_module/test.o
 .text.test_timer
                0x00000000       0x2e Test_module/test.o
 .text.test_interrupt
                0x00000000        0x8 Test_module/test.o
 .text.test_LED
                0x00000000       0x1c Test_module/test.o
 .text.test_button
                0x00000000       0x46 Test_module/test.o
 .debug_info    0x00000000      0x40c Test_module/test.o
 .debug_abbrev  0x00000000       0xd8 Test_module/test.o
 .debug_aranges
                0x00000000       0x40 Test_module/test.o
 .debug_ranges  0x00000000       0x30 Test_module/test.o
 .debug_line    0x00000000      0x1c7 Test_module/test.o
 .debug_str     0x00000000      0x26b Test_module/test.o
 .comment       0x00000000       0x31 Test_module/test.o
 .debug_frame   0x00000000       0x64 Test_module/test.o
 .text          0x00000000        0x0 c:/program files (x86)/atmel/studio/7.0/toolchain/avr8/avr8-gnu-toolchain/bin/../lib/gcc/avr/5.4.0/avr5\libgcc.a(_exit.o)
 .data          0x00000000        0x0 c:/program files (x86)/atmel/studio/7.0/toolchain/avr8/avr8-gnu-toolchain/bin/../lib/gcc/avr/5.4.0/avr5\libgcc.a(_exit.o)
 .bss           0x00000000        0x0 c:/program files (x86)/atmel/studio/7.0/toolchain/avr8/avr8-gnu-toolchain/bin/../lib/gcc/avr/5.4.0/avr5\libgcc.a(_exit.o)
 .text.libgcc.mul
                0x00000000        0x0 c:/program files (x86)/atmel/studio/7.0/toolchain/avr8/avr8-gnu-toolchain/bin/../lib/gcc/avr/5.4.0/avr5\libgcc.a(_exit.o)
 .text.libgcc.div
                0x00000000        0x0 c:/program files (x86)/atmel/studio/7.0/toolchain/avr8/avr8-gnu-toolchain/bin/../lib/gcc/avr/5.4.0/avr5\libgcc.a(_exit.o)
 .text.libgcc   0x00000000        0x0 c:/program files (x86)/atmel/studio/7.0/toolchain/avr8/avr8-gnu-toolchain/bin/../lib/gcc/avr/5.4.0/avr5\libgcc.a(_exit.o)
 .text.libgcc.prologue
                0x00000000        0x0 c:/program files (x86)/atmel/studio/7.0/toolchain/avr8/avr8-gnu-toolchain/bin/../lib/gcc/avr/5.4.0/avr5\libgcc.a(_exit.o)
 .text.libgcc.builtins
                0x00000000        0x0 c:/program files (x86)/atmel/studio/7.0/toolchain/avr8/avr8-gnu-toolchain/bin/../lib/gcc/avr/5.4.0/avr5\libgcc.a(_exit.o)
 .text.libgcc.fmul
                0x00000000        0x0 c:/program files (x86)/atmel/studio/7.0/toolchain/avr8/avr8-gnu-toolchain/bin/../lib/gcc/avr/5.4.0/avr5\libgcc.a(_exit.o)
 .text.libgcc.fixed
                0x00000000        0x0 c:/program files (x86)/atmel/studio/7.0/toolchain/avr8/avr8-gnu-toolchain/bin/../lib/gcc/avr/5.4.0/avr5\libgcc.a(_exit.o)

Memory Configuration

Name             Origin             Length             Attributes
text             0x00000000         0x00008000         xr
data             0x00800060         0x00000800         rw !x
eeprom           0x00810000         0x00000400         rw !x
fuse             0x00820000         0x00000002         rw !x
lock             0x00830000         0x00000400         rw !x
signature        0x00840000         0x00000400         rw !x
user_signatures  0x00850000         0x00000400         rw !x
*default*        0x00000000         0xffffffff

Linker script and memory map

LOAD C:/Program Files (x86)/Atmel/Studio/7.0/Packs/atmel/ATmega_DFP/1.7.374/gcc/dev/atmega32/avr5/crtatmega32.o
LOAD APP/App.o
LOAD HAL/LED/LED.o
LOAD HAL/PUSH BUTTON/PUSHBUTTON.o
LOAD main.o
LOAD MCAL/DIO/DIO.o
LOAD MCAL/INTERRUPT/INTERRUPT.o
LOAD MCAL/TIMER/TIMER.o
LOAD Test_module/test.o
START GROUP
LOAD c:/program files (x86)/atmel/studio/7.0/toolchain/avr8/avr8-gnu-toolchain/bin/../lib/gcc/avr/5.4.0/../../../../avr/lib/avr5\libm.a
END GROUP
START GROUP
LOAD c:/program files (x86)/atmel/studio/7.0/toolchain/avr8/avr8-gnu-toolchain/bin/../lib/gcc/avr/5.4.0/avr5\libgcc.a
LOAD c:/program files (x86)/atmel/studio/7.0/toolchain/avr8/avr8-gnu-toolchain/bin/../lib/gcc/avr/5.4.0/../../../../avr/lib/avr5\libm.a
LOAD c:/program files (x86)/atmel/studio/7.0/toolchain/avr8/avr8-gnu-toolchain/bin/../lib/gcc/avr/5.4.0/../../../../avr/lib/avr5\libc.a
LOAD C:/Program Files (x86)/Atmel/Studio/7.0/Packs/atmel/ATmega_DFP/1.7.374/gcc/dev/atmega32/avr5\libatmega32.a
END GROUP
                0x00000000                __TEXT_REGION_ORIGIN__ = DEFINED (__TEXT_REGION_ORIGIN__)?__TEXT_REGION_ORIGIN__:0x0
                [0x00800060]                __DATA_REGION_ORIGIN__ = DEFINED (__DATA_REGION_ORIGIN__)?__DATA_REGION_ORIGIN__:0x800060
                [0x00008000]                __TEXT_REGION_LENGTH__ = DEFINED (__TEXT_REGION_LENGTH__)?__TEXT_REGION_LENGTH__:0x20000
                [0x00000800]                __DATA_REGION_LENGTH__ = DEFINED (__DATA_REGION_LENGTH__)?__DATA_REGION_LENGTH__:0xffa0
                [0x00000400]                __EEPROM_REGION_LENGTH__ = DEFINED (__EEPROM_REGION_LENGTH__)?__EEPROM_REGION_LENGTH__:0x10000
                [0x00000002]                __FUSE_REGION_LENGTH__ = DEFINED (__FUSE_REGION_LENGTH__)?__FUSE_REGION_LENGTH__:0x400
                0x00000400                __LOCK_REGION_LENGTH__ = DEFINED (__LOCK_REGION_LENGTH__)?__LOCK_REGION_LENGTH__:0x400
                0x00000400                __SIGNATURE_REGION_LENGTH__ = DEFINED (__SIGNATURE_REGION_LENGTH__)?__SIGNATURE_REGION_LENGTH__:0x400
                0x00000400                __USER_SIGNATURE_REGION_LENGTH__ = DEFINED (__USER_SIGNATURE_REGION_LENGTH__)?__USER_SIGNATURE_REGION_LENGTH__:0x400

.hash
 *(.hash)

.dynsym
 *(.dynsym)

.dynstr
 *(.dynstr)

.gnu.version
 *(.gnu.version)

.gnu.version_d
 *(.gnu.version_d)

.gnu.version_r
 *(.gnu.version_r)

.rel.init
 *(.rel.init)

.rela.init
 *(.rela.init)

.rel.text
 *(.rel.text)
 *(.rel.text.*)
 *(.rel.gnu.linkonce.t*)

.rela.text
 *(.rela.text)
 *(.rela.text.*)
 *(.rela.gnu.linkonce.t*)

.rel.fini
 *(.rel.fini)

.rela.fini
 *(.rela.fini)

.rel.rodata
 *(.rel.rodata)
 *(.rel.rodata.*)
 *(.rel.gnu.linkonce.r*)

.rela.rodata
 *(.rela.rodata)
 *(.rela.rodata.*)
 *(.rela.gnu.linkonce.r*)

.rel.data
 *(.rel.data)
 *(.rel.data.*)
 *(.rel.gnu.linkonce.d*)

.rela.data
 *(.rela.data)
 *(.rela.data.*)
 *(.rela.gnu.linkonce.d*)

.rel.ctors
 *(.rel.ctors)

.rela.ctors
 *(.rela.ctors)

.rel.dtors
 *(.rel.dtors)

.rela.dtors
 *(.rela.dtors)

.rel.got
 *(.rel.got)

.rela.got
 *(.rela.got)

.rel.bss
 *(.rel.bss)

.rela.bss
 *(.rela.bss)

.rel.plt
 *(.rel.plt)

.rela.plt
 *(.rela.plt)

.text           0x00000000      0x628
 *(.vectors)
 .vectors       0x00000000       0x54 C:/Program Files (x86)/Atmel/Studio/7.0/Packs/atmel/ATmega_DFP/1.7.374/gcc/dev/atmega32/avr5/crtatmega32.o
                0x00000000                __vector_default
                0x00000000                __vectors
 *(.vectors)
 *(.progmem.gcc*)
                0x00000054                . = ALIGN (0x2)
                0x00000054                __trampolines_start = .
 *(.trampolines)
 .trampolines   0x00000054        0x0 linker stubs
 *(.trampolines*)
                0x00000054                __trampolines_end = .
 *libprintf_flt.a:*(.progmem.data)
 *libc.a:*(.progmem.data)
 *(.progmem*)
                0x00000054                . = ALIGN (0x2)
 *(.jumptables)
 *(.jumptables*)
 *(.lowtext)
 *(.lowtext*)
                0x00000054                __ctors_start = .
 *(.ctors)
                0x00000054                __ctors_end = .
                0x00000054                __dtors_start = .
 *(.dtors)
                0x00000054                __dtors_end = .
 SORT(*)(.ctors)
 SORT(*)(.dtors)
 *(.init0)
 .init0         0x00000054        0x0 C:/Program Files (x86)/Atmel/Studio/7.0/Packs/atmel/ATmega_DFP/1.7.374/gcc/dev/atmega32/avr5/crtatmega32.o
                0x00000054                __init
 *(.init0)
 *(.init1)
 *(.init1)
 *(.init2)
 .init2         0x00000054        0xc C:/Program Files (x86)/Atmel/Studio/7.0/Packs/atmel/ATmega_DFP/1.7.374/gcc/dev/atmega32/avr5/crtatmega32.o
 *(.init2)
 *(.init3)
 *(.init3)
 *(.init4)
 *(.init4)
 *(.init5)
 *(.init5)
 *(.init6)
 *(.init6)
 *(.init7)
 *(.init7)
 *(.init8)
 *(.init8)
 *(.init9)
 .init9         0x00000060        0x8 C:/Program Files (x86)/Atmel/Studio/7.0/Packs/atmel/ATmega_DFP/1.7.374/gcc/dev/atmega32/avr5/crtatmega32.o
 *(.init9)
 *(.text)
 .text          0x00000068        0x4 C:/Program Files (x86)/Atmel/Studio/7.0/Packs/atmel/ATmega_DFP/1.7.374/gcc/dev/atmega32/avr5/crtatmega32.o
                0x00000068                __vector_12
                0x00000068                __bad_interrupt
                0x00000068                __vector_6
                0x00000068                __vector_3
                0x00000068                __vector_11
                0x00000068                __vector_13
                0x00000068                __vector_17
                0x00000068                __vector_19
                0x00000068                __vector_7
                0x00000068                __vector_5
                0x00000068                __vector_4
                0x00000068                __vector_9
                0x00000068                __vector_2
                0x00000068                __vector_15
                0x00000068                __vector_8
                0x00000068                __vector_14
                0x00000068                __vector_10
                0x00000068                __vector_16
                0x00000068                __vector_18
                0x00000068                __vector_20
                0x0000006c                . = ALIGN (0x2)
 *(.text.*)
 .text.App_INIT
                0x0000006c       0x46 APP/App.o
                0x0000006c                App_INIT
 .text.App_start
                0x000000b2       0x52 APP/App.o
                0x000000b2                App_start
 .text.LED_INIT
                0x00000104        0xa HAL/LED/LED.o
                0x00000104                LED_INIT
 .text.LED_ON   0x0000010e        0xa HAL/LED/LED.o
                0x0000010e                LED_ON
 .text.LED_OFF  0x00000118        0xa HAL/LED/LED.o
                0x00000118                LED_OFF
 .text.LEDs_OFF
                0x00000122       0x34 HAL/LED/LED.o
                0x00000122                LEDs_OFF
 .text.yellow_blink
                0x00000156       0x76 HAL/LED/LED.o
                0x00000156                yellow_blink
 .text.Button_Init
                0x000001cc       0x20 HAL/PUSH BUTTON/PUSHBUTTON.o
                0x000001cc                Button_Init
 .text.main     0x000001ec        0xa main.o
                0x000001ec                main
 .text.GPIO_setupPinDirection
                0x000001f6      0x102 MCAL/DIO/DIO.o
                0x000001f6                GPIO_setupPinDirection
 .text.GPIO_writePin
                0x000002f8      0x102 MCAL/DIO/DIO.o
                0x000002f8                GPIO_writePin
 .text.GPIO_readPin
                0x000003fa       0x8c MCAL/DIO/DIO.o
                0x000003fa                GPIO_readPin
 .text.INT0_Init
                0x00000486       0x34 MCAL/INTERRUPT/INTERRUPT.o
                0x00000486                INT0_Init
 .text.__vector_1
                0x000004ba      0x12e MCAL/INTERRUPT/INTERRUPT.o
                0x000004ba                __vector_1
 .text.timer_init
                0x000005e8        0x8 MCAL/TIMER/TIMER.o
                0x000005e8                timer_init
 .text.Timer0_Delay_1_sec
                0x000005f0       0x1a MCAL/TIMER/TIMER.o
                0x000005f0                Timer0_Delay_1_sec
 .text.Timer0_Delay_5_sec
                0x0000060a       0x1a MCAL/TIMER/TIMER.o
                0x0000060a                Timer0_Delay_5_sec
                0x00000624                . = ALIGN (0x2)
 *(.fini9)
 .fini9         0x00000624        0x0 c:/program files (x86)/atmel/studio/7.0/toolchain/avr8/avr8-gnu-toolchain/bin/../lib/gcc/avr/5.4.0/avr5\libgcc.a(_exit.o)
                0x00000624                _exit
                0x00000624                exit
 *(.fini9)
 *(.fini8)
 *(.fini8)
 *(.fini7)
 *(.fini7)
 *(.fini6)
 *(.fini6)
 *(.fini5)
 *(.fini5)
 *(.fini4)
 *(.fini4)
 *(.fini3)
 *(.fini3)
 *(.fini2)
 *(.fini2)
 *(.fini1)
 *(.fini1)
 *(.fini0)
 .fini0         0x00000624        0x4 c:/program files (x86)/atmel/studio/7.0/toolchain/avr8/avr8-gnu-toolchain/bin/../lib/gcc/avr/5.4.0/avr5\libgcc.a(_exit.o)
 *(.fini0)
                0x00000628                _etext = .

.data           0x00800060        0x0 load address 0x00000628
                [!provide]                PROVIDE (__data_start, .)
 *(.data)
 *(.data*)
 *(.gnu.linkonce.d*)
 *(.rodata)
 *(.rodata*)
 *(.gnu.linkonce.r*)
                0x00800060                . = ALIGN (0x2)
                0x00800060                _edata = .
                [!provide]                PROVIDE (__data_end, .)

.bss            0x00800060        0x0
                [!provide]                PROVIDE (__bss_start, .)
 *(.bss)
 *(.bss*)
 *(COMMON)
                [!provide]                PROVIDE (__bss_end, .)
                0x00000628                __data_load_start = LOADADDR (.data)
                0x00000628                __data_load_end = (__data_load_start + SIZEOF (.data))

.noinit         0x00800060        0x0
                [!provide]                PROVIDE (__noinit_start, .)
 *(.noinit*)
                [!provide]                PROVIDE (__noinit_end, .)
                0x00800060                _end = .
                [!provide]                PROVIDE (__heap_start, .)

.eeprom         0x00810000        0x0
 *(.eeprom*)
                0x00810000                __eeprom_end = .

.fuse
 *(.fuse)
 *(.lfuse)
 *(.hfuse)
 *(.efuse)

.lock
 *(.lock*)

.signature
 *(.signature*)

.user_signatures
 *(.user_signatures*)

.stab
 *(.stab)

.stabstr
 *(.stabstr)

.stab.excl
 *(.stab.excl)

.stab.exclstr
 *(.stab.exclstr)

.stab.index
 *(.stab.index)

.stab.indexstr
 *(.stab.indexstr)

.comment        0x00000000       0x30
 *(.comment)
 .comment       0x00000000       0x30 APP/App.o
                                 0x31 (size before relaxing)
 .comment       0x00000030       0x31 HAL/LED/LED.o
 .comment       0x00000030       0x31 HAL/PUSH BUTTON/PUSHBUTTON.o
 .comment       0x00000030       0x31 main.o
 .comment       0x00000030       0x31 MCAL/DIO/DIO.o
 .comment       0x00000030       0x31 MCAL/INTERRUPT/INTERRUPT.o
 .comment       0x00000030       0x31 MCAL/TIMER/TIMER.o

.note.gnu.avr.deviceinfo
                0x00000000       0x3c
 .note.gnu.avr.deviceinfo
                0x00000000       0x3c C:/Program Files (x86)/Atmel/Studio/7.0/Packs/atmel/ATmega_DFP/1.7.374/gcc/dev/atmega32/avr5/crtatmega32.o

.note.gnu.build-id
 *(.note.gnu.build-id)

.debug
 *(.debug)

.line
 *(.line)

.debug_srcinfo
 *(.debug_srcinfo)

.debug_sfnames
 *(.debug_sfnames)

.debug_aranges  0x00000000      0x158
 *(.debug_aranges)
 .debug_aranges
                0x00000000       0x28 APP/App.o
 .debug_aranges
                0x00000028       0x48 HAL/LED/LED.o
 .debug_aranges
                0x00000070       0x28 HAL/PUSH BUTTON/PUSHBUTTON.o
 .debug_aranges
                0x00000098       0x20 main.o
 .debug_aranges
                0x000000b8       0x48 MCAL/DIO/DIO.o
 .debug_aranges
                0x00000100       0x28 MCAL/INTERRUPT/INTERRUPT.o
 .debug_aranges
                0x00000128       0x30 MCAL/TIMER/TIMER.o

.debug_pubnames
 *(.debug_pubnames)

.debug_info     0x00000000     0x16e8
 *(.debug_info .gnu.linkonce.wi.*)
 .debug_info    0x00000000      0x4e6 C:/Program Files (x86)/Atmel/Studio/7.0/Packs/atmel/ATmega_DFP/1.7.374/gcc/dev/atmega32/avr5/crtatmega32.o
 .debug_info    0x000004e6      0x2ce APP/App.o
 .debug_info    0x000007b4      0x4b2 HAL/LED/LED.o
 .debug_info    0x00000c66      0x19f HAL/PUSH BUTTON/PUSHBUTTON.o
 .debug_info    0x00000e05       0xca main.o
 .debug_info    0x00000ecf      0x280 MCAL/DIO/DIO.o
 .debug_info    0x0000114f      0x480 MCAL/INTERRUPT/INTERRUPT.o
 .debug_info    0x000015cf      0x119 MCAL/TIMER/TIMER.o

.debug_abbrev   0x00000000      0xa2a
 *(.debug_abbrev)
 .debug_abbrev  0x00000000      0x4a3 C:/Program Files (x86)/Atmel/Studio/7.0/Packs/atmel/ATmega_DFP/1.7.374/gcc/dev/atmega32/avr5/crtatmega32.o
 .debug_abbrev  0x000004a3       0x7a APP/App.o
 .debug_abbrev  0x0000051d      0x135 HAL/LED/LED.o
 .debug_abbrev  0x00000652       0xcc HAL/PUSH BUTTON/PUSHBUTTON.o
 .debug_abbrev  0x0000071e       0x68 main.o
 .debug_abbrev  0x00000786      0x106 MCAL/DIO/DIO.o
 .debug_abbrev  0x0000088c       0xe9 MCAL/INTERRUPT/INTERRUPT.o
 .debug_abbrev  0x00000975       0xb5 MCAL/TIMER/TIMER.o

.debug_line     0x00000000      0xc26
 *(.debug_line .debug_line.* .debug_line_end)
 .debug_line    0x00000000      0x116 C:/Program Files (x86)/Atmel/Studio/7.0/Packs/atmel/ATmega_DFP/1.7.374/gcc/dev/atmega32/avr5/crtatmega32.o
 .debug_line    0x00000116      0x15b APP/App.o
 .debug_line    0x00000271      0x1b5 HAL/LED/LED.o
 .debug_line    0x00000426       0xe2 HAL/PUSH BUTTON/PUSHBUTTON.o
 .debug_line    0x00000508       0x5b main.o
 .debug_line    0x00000563      0x3c5 MCAL/DIO/DIO.o
 .debug_line    0x00000928      0x1ab MCAL/INTERRUPT/INTERRUPT.o
 .debug_line    0x00000ad3      0x153 MCAL/TIMER/TIMER.o

.debug_frame    0x00000000      0x24c
 *(.debug_frame)
 .debug_frame   0x00000000       0x34 APP/App.o
 .debug_frame   0x00000034       0x80 HAL/LED/LED.o
 .debug_frame   0x000000b4       0x40 HAL/PUSH BUTTON/PUSHBUTTON.o
 .debug_frame   0x000000f4       0x24 main.o
 .debug_frame   0x00000118       0x74 MCAL/DIO/DIO.o
 .debug_frame   0x0000018c       0x7c MCAL/INTERRUPT/INTERRUPT.o
 .debug_frame   0x00000208       0x44 MCAL/TIMER/TIMER.o

.debug_str      0x00000000      0x527
 *(.debug_str)
 .debug_str     0x00000000      0x196 C:/Program Files (x86)/Atmel/Studio/7.0/Packs/atmel/ATmega_DFP/1.7.374/gcc/dev/atmega32/avr5/crtatmega32.o
 .debug_str     0x00000196      0x1cb APP/App.o
                                0x1ff (size before relaxing)
 .debug_str     0x00000361       0x91 HAL/LED/LED.o
                                0x22f (size before relaxing)
 .debug_str     0x000003f2       0x3a HAL/PUSH BUTTON/PUSHBUTTON.o
                                0x20d (size before relaxing)
 .debug_str     0x0000042c       0x11 main.o
                                0x1a1 (size before relaxing)
 .debug_str     0x0000043d       0xa3 MCAL/DIO/DIO.o
                                0x284 (size before relaxing)
 .debug_str     0x000004e0       0x29 MCAL/INTERRUPT/INTERRUPT.o
                                0x237 (size before relaxing)
 .debug_str     0x00000509       0x1e MCAL/TIMER/TIMER.o
                                0x1e0 (size before relaxing)

.debug_loc      0x00000000      0x82a
 *(.debug_loc)
 .debug_loc     0x00000000      0x14d HAL/LED/LED.o
 .debug_loc     0x0000014d       0xc9 HAL/PUSH BUTTON/PUSHBUTTON.o
 .debug_loc     0x00000216      0x50b MCAL/DIO/DIO.o
 .debug_loc     0x00000721       0xcb MCAL/INTERRUPT/INTERRUPT.o
 .debug_loc     0x000007ec       0x3e MCAL/TIMER/TIMER.o

.debug_macinfo
 *(.debug_macinfo)

.debug_weaknames
 *(.debug_weaknames)

.debug_funcnames
 *(.debug_funcnames)

.debug_typenames
 *(.debug_typenames)

.debug_varnames
 *(.debug_varnames)

.debug_pubtypes
 *(.debug_pubtypes)

.debug_ranges   0x00000000       0xe8
 *(.debug_ranges)
 .debug_ranges  0x00000000       0x18 APP/App.o
 .debug_ranges  0x00000018       0x38 HAL/LED/LED.o
 .debug_ranges  0x00000050       0x18 HAL/PUSH BUTTON/PUSHBUTTON.o
 .debug_ranges  0x00000068       0x10 main.o
 .debug_ranges  0x00000078       0x38 MCAL/DIO/DIO.o
 .debug_ranges  0x000000b0       0x18 MCAL/INTERRUPT/INTERRUPT.o
 .debug_ranges  0x000000c8       0x20 MCAL/TIMER/TIMER.o

.debug_macro
 *(.debug_macro)
OUTPUT(project_2.elf elf32-avr)
LOAD linker stubs
